!!! 记录坑

#####问题 npm 安装总是卡在开始步骤
换成cmd管理员模式
npm安装vue-cli-server 很慢，查帖子 npm版本太低造成，要高于4.x
查本机npm 3.10
尝试升级无果，切换源也无用
卸载node.js
下载node.js,重装。查版本，node 版本更新，但npm仍然为之前版本
安装 vue-cli-server 任然慢

找帖子https://blog.csdn.net/weixin_43650973/article/details/109472907

解决问题。



C:\WINDOWS\system32>npm -v
3.10.10

C:\WINDOWS\system32>npm -g install npm@6.8.0
npm ERR! Windows_NT 10.0.18363
npm ERR! argv "C:\\Program Files\\nodejs\\node.exe" "C:\\Users\\qiumu\\AppData\\Roaming\\npm\\node_modules\\npm\\bin\\npm-cli.js" "-g" "install" "npm@6.8.0"
npm ERR! node v14.15.1
npm ERR! npm  v3.10.10

npm ERR! cb.apply is not a function
npm ERR!
npm ERR! If you need help, you may report this error at:
npm ERR!     <https://github.com/npm/npm/issues>

npm ERR! Please include the following file with any support request:
npm ERR!     C:\WINDOWS\system32\npm-debug.log

C:\WINDOWS\system32>npm -g install npm
Terminate batch job (Y/N)? n

C:\WINDOWS\system32>npm install -g @vue/cli-service-global
Terminate batch job (Y/N)?
^C
C:\WINDOWS\system32>npm -g install npm@6.14.8
npm ERR! Windows_NT 10.0.18363
npm ERR! argv "C:\\Program Files\\nodejs\\node.exe" "C:\\Users\\qiumu\\AppData\\Roaming\\npm\\node_modules\\npm\\bin\\npm-cli.js" "-g" "install" "npm@6.14.8"
npm ERR! node v14.15.1
npm ERR! npm  v3.10.10

npm ERR! cb.apply is not a function
npm ERR!
npm ERR! If you need help, you may report this error at:
npm ERR!     <https://github.com/npm/npm/issues>

npm ERR! Please include the following file with any support request:
npm ERR!     C:\WINDOWS\system32\npm-debug.log

C:\WINDOWS\system32>npm cache clean -f
npm WARN using --force I sure hope you know what you are doing.

C:\WINDOWS\system32>npm -v
3.10.10

C:\WINDOWS\system32>npm install -g n
npm ERR! Windows_NT 10.0.18363
npm ERR! argv "C:\\Program Files\\nodejs\\node.exe" "C:\\Users\\qiumu\\AppData\\Roaming\\npm\\node_modules\\npm\\bin\\npm-cli.js" "install" "-g" "n"
npm ERR! node v14.15.1
npm ERR! npm  v3.10.10

npm ERR! cb.apply is not a function
npm ERR!
npm ERR! If you need help, you may report this error at:
npm ERR!     <https://github.com/npm/npm/issues>

npm ERR! Please include the following file with any support request:
npm ERR!     C:\WINDOWS\system32\npm-debug.log

C:\WINDOWS\system32>npm -install -g npm

Usage: npm <command>

where <command> is one of:
    access, adduser, bin, bugs, c, cache, completion, config,
    ddp, dedupe, deprecate, dist-tag, docs, edit, explore, get,
    help, help-search, i, init, install, install-test, it, link,
    list, ln, login, logout, ls, outdated, owner, pack, ping,
    prefix, prune, publish, rb, rebuild, repo, restart, root,
    run, run-script, s, se, search, set, shrinkwrap, star,
    stars, start, stop, t, tag, team, test, tst, un, uninstall,
    unpublish, unstar, up, update, v, version, view, whoami

npm <cmd> -h     quick help on <cmd>
npm -l           display full usage info
npm help <term>  search for help on <term>
npm help npm     involved overview

Specify configs in the ini-formatted file:
    C:\Users\qiumu\.npmrc
or on the command line via: npm <command> --key value
Config info can be viewed via: npm help config

npm@3.10.10 C:\Users\qiumu\AppData\Roaming\npm\node_modules\npm

C:\WINDOWS\system32>npm -v
3.10.10

C:\WINDOWS\system32>npm -install -g

Usage: npm <command>

where <command> is one of:
    access, adduser, bin, bugs, c, cache, completion, config,
    ddp, dedupe, deprecate, dist-tag, docs, edit, explore, get,
    help, help-search, i, init, install, install-test, it, link,
    list, ln, login, logout, ls, outdated, owner, pack, ping,
    prefix, prune, publish, rb, rebuild, repo, restart, root,
    run, run-script, s, se, search, set, shrinkwrap, star,
    stars, start, stop, t, tag, team, test, tst, un, uninstall,
    unpublish, unstar, up, update, v, version, view, whoami

npm <cmd> -h     quick help on <cmd>
npm -l           display full usage info
npm help <term>  search for help on <term>
npm help npm     involved overview

Specify configs in the ini-formatted file:
    C:\Users\qiumu\.npmrc
or on the command line via: npm <command> --key value
Config info can be viewed via: npm help config

npm@3.10.10 C:\Users\qiumu\AppData\Roaming\npm\node_modules\npm

C:\WINDOWS\system32>npm -v
'"node"' is not recognized as an internal or external command,
operable program or batch file.

C:\WINDOWS\system32>node -v
'node' is not recognized as an internal or external command,
operable program or batch file.

C:\WINDOWS\system32>node -v
v14.15.1

C:\WINDOWS\system32>npm -v
6.14.8

C:\WINDOWS\system32>